// Jest Snapshot v1, https://goo.gl/fbAQLP

exports[`App App container/component should match the snapshot 1`] = `
<div
  id="outer-div"
>
  <section
    id="game-container"
  >
    <Switch>
      <Route
        exact={true}
        path="/"
      >
        <Connect(Intro) />
      </Route>
      <Route
        exact={true}
        path="/round"
      >
        <Connect(Header) />
        <Connect(Round) />
      </Route>
      <Route
        exact={true}
        path="/result"
      >
        <Connect(Result) />
      </Route>
      <Response
        text="Page Not Found!"
      />
    </Switch>
  </section>
</div>
`;
