// Jest Snapshot v1, https://goo.gl/fbAQLP

exports[`Round Round container/component should match the snapshot 1`] = `
<Response
  text="loading..."
/>
`;
